代理可具有不同程度的自主性。

几年前,我注意到,在AI社区里,关于是否是一个代理人的争论日益激烈,有人正在写一篇论文,谈论一个代理人,有人说不,这其实不是真正的代理人,我感到这场辩论是不必要的,这就是为什么我开始使用代理恩特,因为我认为,如果我们把它作为一个形容词而不是一个二进制,无论是代理还是一个二进制,那么我们就可以承认,系统可以在不同程度上是.,这被叫出代理,在建立这些系统的真正工作上,而不是辩论上,人们知道这是足够自主的代理人,或者我不记得我所准备的关于代理的演讲是这样一个足够自主的代理人。 当我准备关于代理的演讲的时候,我说,我们不需要再用一个词来形容这个代理人,为什么我决定用它来形容而不是一个二进制,然后我们可以在Gi和D通讯的专辑上写一个文章,然后在社交媒体上说,你可以把一个词完全排除一个真正的代理人, 那种系统可以变得不同的程度,或者我不记得,我记得这能帮助让用户的顺序辩论一个硬起来, 一个真正的网络代代写一个真正的代理人。

灰色框表示给LM和绿色框的呼叫, 如网络搜索和网络抓取框, 请在此标明其它软件用于执行诸如网络搜索 API 呼叫或执行代码以获取网站内容等动作的步骤, 然后代理商可以更自主, 如果收到撰写黑洞论文的请求, 或许您让OM决定它是否想要进行网络搜索或者它是否想要搜索。 或者它是否想要在网站上的归档中搜索最近的研究文件, 也许在此例子中, LOM 不是人类工程师, 但 LOM 选择在此情况下调用网站引擎, 然后您可以让OM 来决定它要抓取多少网页, 或者如果它调用PDF 来调用一个函数, 或者也可以调用这两个来转换 PDF 文本, 在这种情况下, 它可能会在网页上搜索最多的几页, 然后它就可以写作文章 。

我出去思考和改进,也许甚至可以回去获取更多的网页,然后最终得出一个产出,甚至就研究代理人的例子来说,我们可以看到,有些代理人的自主程度较低,其步骤的线性序列将由程序员决定,而有些代理人可以更加自主,只要你相信OM能够做出更多的决定和步骤的确切顺序,这些步骤可能甚至由手臂决定,而不是由程序员决定,这样,程序员就可以不那么自动。

您通常会事先预设所有步骤, 以及任何功能, 比如网络搜索, 我们在本课程第三个模块中发现的工具, 可能由人类工程师使用硬码, 由UM来决定, 而大多数的自主性在于 光谱结尾的提醒生成的文字 是高度自主的代理器, 其中代理器可以自主地做出许多决定, 例如, 决定它为了写作文章而要执行的步骤的顺序, 一些高度自主的代理器, 它们甚至可以写新功能, 或者我们有时说创造新的工具, 然后它可以执行, 并且介于半自动化之间, 我们可以做出一些决定, 我们可以做出一些选择工具, 但是这些工具通常会更提前定义, 当你查看不同的例子时, 自然会学会如何在这种光谱上建立应用程序

也有一些应用在光谱的高度自主端进行,但是这些应用通常不太容易控制,更难以预测,还有大量积极研究,并研究如何建立这些高度自主的代理。 有了这些,让我们继续下一部视频,深入深入了解使用代理的一些好处,并了解为什么它们允许我们做那些在早期应用中无法做到的事情。